src/features/knowledge-base/components/Dashboard.tsx(4,24): error TS2307: Cannot find module '../../components/ui/Button' or its corresponding type declarations.
src/features/knowledge-base/components/Dashboard.tsx(5,70): error TS2307: Cannot find module '../../components/ui/Card' or its corresponding type declarations.
src/features/knowledge-base/components/Dashboard.tsx(6,23): error TS2307: Cannot find module '../../components/ui/Input' or its corresponding type declarations.
src/features/knowledge-base/components/Dashboard.tsx(56,44): error TS7006: Parameter 'e' implicitly has an 'any' type.
src/features/knowledge-base/components/KnowledgeBaseDetail.tsx(3,24): error TS2307: Cannot find module '../../components/ui/Button' or its corresponding type declarations.
src/features/knowledge-base/hooks/useKnowledgeBase.ts(4,10): error TS1484: 'KnowledgeBase' is a type and must be imported using a type-only import when 'verbatimModuleSyntax' is enabled.
src/features/knowledge-base/hooks/useKnowledgeBases.ts(4,10): error TS1484: 'KnowledgeBase' is a type and must be imported using a type-only import when 'verbatimModuleSyntax' is enabled.
src/features/knowledge-base/hooks/useKnowledgeBases.ts(37,31): error TS2345: Argument of type '(prev: { sections: LazyLoader<{ knowledgeBaseId: string; knowledgeBase: LazyLoader<... | null, false>; type: string; title: string; content?: string | number | boolean | object | any[] | null | undefined; ... 4 more ...; readonly updatedAt: string; } | null, true>; ... 5 more ...; readonly updatedAt: string; }[]) =>...' is not assignable to parameter of type 'SetStateAction<{ sections: LazyLoader<{ knowledgeBaseId: string; knowledgeBase: LazyLoader<... | null, false>; type: string; title: string; content?: string | number | boolean | object | any[] | null | undefined; ... 4 more ...; readonly updatedAt: string; } | null, true>; ... 5 more ...; readonly updatedAt: string;...'.
  Type '(prev: { sections: LazyLoader<{ knowledgeBaseId: string; knowledgeBase: LazyLoader<... | null, false>; type: string; title: string; content?: string | number | boolean | object | any[] | null | undefined; ... 4 more ...; readonly updatedAt: string; } | null, true>; ... 5 more ...; readonly updatedAt: string; }[]) =>...' is not assignable to type '(prevState: { sections: LazyLoader<{ knowledgeBaseId: string; knowledgeBase: LazyLoader<... | null, false>; type: string; title: string; content?: string | number | boolean | object | any[] | null | undefined; ... 4 more ...; readonly updatedAt: string; } | null, true>; ... 5 more ...; readonly updatedAt: string; }[...'.
    Type '({ sections: LazyLoader<{ knowledgeBaseId: string; knowledgeBase: LazyLoader<... | null, false>; type: string; title: string; content?: string | number | boolean | object | any[] | null | undefined; ... 4 more ...; readonly updatedAt: string; } | null, true>; ... 5 more ...; readonly updatedAt: string; } | null)[]' is not assignable to type '{ sections: LazyLoader<{ knowledgeBaseId: string; knowledgeBase: LazyLoader<... | null, false>; type: string; title: string; content?: string | number | boolean | object | any[] | null | undefined; ... 4 more ...; readonly updatedAt: string; } | null, true>; ... 5 more ...; readonly updatedAt: string; }[]'.
      Type '{ sections: LazyLoader<{ knowledgeBaseId: string; knowledgeBase: LazyLoader<... | null, false>; type: string; title: string; content?: string | number | boolean | object | any[] | null | undefined; ... 4 more ...; readonly updatedAt: string; } | null, true>; ... 5 more ...; readonly updatedAt: string; } | null' is not assignable to type '{ sections: LazyLoader<{ knowledgeBaseId: string; knowledgeBase: LazyLoader<... | null, false>; type: string; title: string; content?: string | number | boolean | object | any[] | null | undefined; ... 4 more ...; readonly updatedAt: string; } | null, true>; ... 5 more ...; readonly updatedAt: string; }'.
        Type 'null' is not assignable to type '{ sections: LazyLoader<{ knowledgeBaseId: string; knowledgeBase: LazyLoader<... | null, false>; type: string; title: string; content?: string | number | boolean | object | any[] | null | undefined; ... 4 more ...; readonly updatedAt: string; } | null, true>; ... 5 more ...; readonly updatedAt: string; }'.
src/features/section/components/CollectionEditor.tsx(5,24): error TS2307: Cannot find module '../../components/ui/Button' or its corresponding type declarations.
src/features/section/components/CollectionEditor.tsx(28,26): error TS2698: Spread types may only be created from object types.
src/features/section/components/CollectionEditor.tsx(35,26): error TS2698: Spread types may only be created from object types.
src/features/section/components/GenericForm.tsx(3,23): error TS2307: Cannot find module '../../components/ui/Input' or its corresponding type declarations.
src/features/section/components/GenericForm.tsx(4,24): error TS2307: Cannot find module '../../components/ui/Button' or its corresponding type declarations.
src/features/section/components/GenericForm.tsx(62,44): error TS7006: Parameter 'e' implicitly has an 'any' type.
src/features/section/components/SectionContainer.tsx(6,24): error TS2307: Cannot find module '../../components/ui/Button' or its corresponding type declarations.
src/features/section/components/SectionContainer.tsx(8,58): error TS2307: Cannot find module '../../components/ui/Card' or its corresponding type declarations.
src/features/section/components/SectionContainer.tsx(38,121): error TS7006: Parameter 'e' implicitly has an 'any' type.
src/features/section/components/SectionList.tsx(2,1): error TS6133: 'Section' is declared but its value is never read.
src/features/section/components/SectionList.tsx(5,24): error TS2307: Cannot find module '../../components/ui/Button' or its corresponding type declarations.
src/features/section/components/SingletonEditor.tsx(20,13): error TS2322: Type 'string | number | true | object' is not assignable to type 'Record<string, any> | undefined'.
  Type 'string' is not assignable to type 'Record<string, any>'.
src/features/section/hooks/useSections.ts(4,10): error TS1484: 'Section' is a type and must be imported using a type-only import when 'verbatimModuleSyntax' is enabled.
src/features/section/hooks/useSections.ts(51,25): error TS2345: Argument of type '(prev: { knowledgeBaseId: string; knowledgeBase: LazyLoader<{ sections: LazyLoader<... | null, true>; title?: Nullable<string> | undefined; description?: Nullable<string> | undefined; readonly id: string; owner?: string | ... 1 more ... | undefined; readonly createdAt: string; readonly updatedAt: string; } | null, f...' is not assignable to parameter of type 'SetStateAction<{ knowledgeBaseId: string; knowledgeBase: LazyLoader<{ sections: LazyLoader<... | null, true>; title?: Nullable<string> | undefined; description?: Nullable<string> | undefined; readonly id: string; owner?: string | ... 1 more ... | undefined; readonly createdAt: string; readonly updatedAt: string; } |...'.
  Type '(prev: { knowledgeBaseId: string; knowledgeBase: LazyLoader<{ sections: LazyLoader<... | null, true>; title?: Nullable<string> | undefined; description?: Nullable<string> | undefined; readonly id: string; owner?: string | ... 1 more ... | undefined; readonly createdAt: string; readonly updatedAt: string; } | null, f...' is not assignable to type '(prevState: { knowledgeBaseId: string; knowledgeBase: LazyLoader<{ sections: LazyLoader<... | null, true>; title?: Nullable<string> | undefined; description?: Nullable<string> | undefined; readonly id: string; owner?: string | ... 1 more ... | undefined; readonly createdAt: string; readonly updatedAt: string; } | nu...'.
    Type '({ knowledgeBaseId: string; knowledgeBase: LazyLoader<{ sections: LazyLoader<... | null, true>; title?: Nullable<string> | undefined; description?: Nullable<string> | undefined; readonly id: string; owner?: string | ... 1 more ... | undefined; readonly createdAt: string; readonly updatedAt: string; } | null, false>;...' is not assignable to type '{ knowledgeBaseId: string; knowledgeBase: LazyLoader<{ sections: LazyLoader<... | null, true>; title?: Nullable<string> | undefined; description?: Nullable<string> | undefined; readonly id: string; owner?: string | ... 1 more ... | undefined; readonly createdAt: string; readonly updatedAt: string; } | null, false>; ...'.
      Type '{ knowledgeBaseId: string; knowledgeBase: import("C:/Users/j_sco/projects/sections/Sections/node_modules/@aws-amplify/data-schema/dist/esm/runtime/client/index").LazyLoader<{ sections: import("C:/Users/j_sco/projects/sections/Sections/node_modules/@aws-amplify/data-schema/dist/esm/runtime/client/index").LazyLoader<....' is not assignable to type '{ knowledgeBaseId: string; knowledgeBase: import("C:/Users/j_sco/projects/sections/Sections/node_modules/@aws-amplify/data-schema/dist/esm/runtime/client/index").LazyLoader<{ sections: import("C:/Users/j_sco/projects/sections/Sections/node_modules/@aws-amplify/data-schema/dist/esm/runtime/client/index").LazyLoader<....'. Two different types with this name exist, but they are unrelated.
        Type 'null' is not assignable to type '{ knowledgeBaseId: string; knowledgeBase: LazyLoader<{ sections: LazyLoader<... | null, true>; title?: Nullable<string> | undefined; description?: Nullable<string> | undefined; readonly id: string; owner?: string | ... 1 more ... | undefined; readonly createdAt: string; readonly updatedAt: string; } | null, false>; ...'.
src/features/section/hooks/useSections.ts(67,25): error TS2345: Argument of type '(prev: { knowledgeBaseId: string; knowledgeBase: LazyLoader<{ sections: LazyLoader<... | null, true>; title?: Nullable<string> | undefined; description?: Nullable<string> | undefined; readonly id: string; owner?: string | ... 1 more ... | undefined; readonly createdAt: string; readonly updatedAt: string; } | null, f...' is not assignable to parameter of type 'SetStateAction<{ knowledgeBaseId: string; knowledgeBase: LazyLoader<{ sections: LazyLoader<... | null, true>; title?: Nullable<string> | undefined; description?: Nullable<string> | undefined; readonly id: string; owner?: string | ... 1 more ... | undefined; readonly createdAt: string; readonly updatedAt: string; } |...'.
  Type '(prev: { knowledgeBaseId: string; knowledgeBase: LazyLoader<{ sections: LazyLoader<... | null, true>; title?: Nullable<string> | undefined; description?: Nullable<string> | undefined; readonly id: string; owner?: string | ... 1 more ... | undefined; readonly createdAt: string; readonly updatedAt: string; } | null, f...' is not assignable to type '(prevState: { knowledgeBaseId: string; knowledgeBase: LazyLoader<{ sections: LazyLoader<... | null, true>; title?: Nullable<string> | undefined; description?: Nullable<string> | undefined; readonly id: string; owner?: string | ... 1 more ... | undefined; readonly createdAt: string; readonly updatedAt: string; } | nu...'.
    Type '({ knowledgeBaseId: string; knowledgeBase: LazyLoader<{ sections: LazyLoader<... | null, true>; title?: Nullable<string> | undefined; description?: Nullable<string> | undefined; readonly id: string; owner?: string | ... 1 more ... | undefined; readonly createdAt: string; readonly updatedAt: string; } | null, false>;...' is not assignable to type '{ knowledgeBaseId: string; knowledgeBase: LazyLoader<{ sections: LazyLoader<... | null, true>; title?: Nullable<string> | undefined; description?: Nullable<string> | undefined; readonly id: string; owner?: string | ... 1 more ... | undefined; readonly createdAt: string; readonly updatedAt: string; } | null, false>; ...'.
      Type '{ knowledgeBaseId: string; knowledgeBase: import("C:/Users/j_sco/projects/sections/Sections/node_modules/@aws-amplify/data-schema/dist/esm/runtime/client/index").LazyLoader<{ sections: import("C:/Users/j_sco/projects/sections/Sections/node_modules/@aws-amplify/data-schema/dist/esm/runtime/client/index").LazyLoader<....' is not assignable to type '{ knowledgeBaseId: string; knowledgeBase: import("C:/Users/j_sco/projects/sections/Sections/node_modules/@aws-amplify/data-schema/dist/esm/runtime/client/index").LazyLoader<{ sections: import("C:/Users/j_sco/projects/sections/Sections/node_modules/@aws-amplify/data-schema/dist/esm/runtime/client/index").LazyLoader<....'. Two different types with this name exist, but they are unrelated.
        Type 'null' is not assignable to type '{ knowledgeBaseId: string; knowledgeBase: LazyLoader<{ sections: LazyLoader<... | null, true>; title?: Nullable<string> | undefined; description?: Nullable<string> | undefined; readonly id: string; owner?: string | ... 1 more ... | undefined; readonly createdAt: string; readonly updatedAt: string; } | null, false>; ...'.
