
[1m[46m RUN [49m[22m [36mv4.0.15 [39m[90mC:/Users/j_sco/projects/sections/Sections[39m

[90mstdout[2m | src/features/section/components/SectionList.test.tsx[2m > [22m[2mSectionList Component[2m > [22m[2mcalls onCreateSection with unique name when adding custom section
[22m[39mDEBUG: Template Label: Custom Section
DEBUG: Generated Title: Custom Section
DEBUG: Sections Count: [33m1[39m
DEBUG: Sections Names: Existing Section

 [31mΓ¥»[39m src/features/section/components/SectionList.test.tsx [2m([22m[2m5 tests[22m[2m | [22m[31m2 failed[39m[2m)[22m[33m 389[2mms[22m[39m
     [32mΓ£ô[39m renders without crashing and shows sections[32m 43[2mms[22m[39m
     [32mΓ£ô[39m shows loading state[32m 3[2mms[22m[39m
     [32mΓ£ô[39m calls onCreateSection with unique name when adding custom section[32m 210[2mms[22m[39m
[31m     [31m├ù[31m increments name if base title exists[39m[32m 72[2mms[22m[39m
[31m     [31m├ù[31m increments name correctly if number 1 also exists[39m[32m 60[2mms[22m[39m
node.exe : 
At line:1 char:1
+ & "C:\Program Files\nodejs/node.exe" 
"C:\Program Files\nodejs/node_mo ...
+ ~~~~~~~~~~~~~~~~~~~~~~~~~~~~~~~~~~~~~~~~~~~
~~~~~~~~~~~~~~~~~~~~~~~~~~
    + CategoryInfo          : NotSpecified:  
   (:String) [], RemoteException
    + FullyQualifiedErrorId : NativeCommandE 
   rror
 
[31mΓÄ»ΓÄ»ΓÄ»ΓÄ»ΓÄ»ΓÄ»ΓÄ»[39m[1m[41m 
Failed Tests 2 
[49m[22m[31mΓÄ»ΓÄ»ΓÄ»ΓÄ»ΓÄ»ΓÄ»ΓÄ»[39m

[41m[1m FAIL [22m[49m src/features/sectio
n/components/SectionList.test.tsx[2m > 
[22mSectionList Component[2m > 
[22mincrements name if base title exists
[31m[1mTestingLibraryElementError[22m[39m
: Found multiple elements with the text: 
Custom Section

Here are the matching elements:

Ignored nodes: comments, script, style
[36m<h3[39m
  [33mclass[39m=[32m"tracking-tight 
text-base font-medium text-slate-800"[39m
[36m>[39m
  [0mCustom Section[0m
[36m</h3>[39m

Ignored nodes: comments, script, style
[36m<span[39m
  [33mclass[39m=[32m"font-medium"[39m
[36m>[39m
  [0mCustom Section[0m
[36m</span>[39m

(If this is intentional, then use the 
`*AllBy*` variant of the query (like 
`queryAllByText`, `getAllByText`, or 
`findAllByText`)).

Ignored nodes: comments, script, style
[36m<body>[39m
  [36m<div>[39m
    [36m<div[39m
      [33mclass[39m=[32m"space-y-6"[39m
    [36m>[39m
      [36m<div[39m
        [33mclass[39m=[32m"rounded-xl 
border bg-white text-slate-950 shadow-sm 
hover:shadow-md overflow-hidden 
transition-all duration-200 
border-slate-200"[39m
        [33mid[39m=[32m"1"[39m
      [36m>[39m
        [36m<div[39m
          [33mclass[39m=[32m"space-y-1.5 
p-6 bg-slate-50 border-b border-slate-100 
py-3 px-4 flex flex-row items-center 
justify-between cursor-pointer"[39m
        [36m>[39m
          [36m<div[39m
            [33mclass[39m=[32m"flex 
items-center gap-3 flex-1"[39m
          [36m>[39m
            [36m<svg[39m
              
[33maria-hidden[39m=[32m"true"[39m
              [33mclass[39m=[32m"lucide 
lucide-chevron-up h-4 w-4 
text-slate-400"[39m
              [33mfill[39m=[32m"none"[39m
              [33mheight[39m=[32m"24"[39m
              
[33mstroke[39m=[32m"currentColor"[39m
              
[33mstroke-linecap[39m=[32m"round"[39m
              
[33mstroke-linejoin[39m=[32m"round"[39m
              
[33mstroke-width[39m=[32m"2"[39m
              [33mviewBox[39m=[32m"0 0 24 
24"[39m
              [33mwidth[39m=[32m"24"[39m
              [33mxmlns[39m=[32m"http://ww
w.w3.org/2000/svg"[39m
            [36m>[39m
              [36m<path[39m
                [33md[39m=[32m"m18 
15-6-6-6 6"[39m
              [36m/>[39m
            [36m</svg>[39m
            [36m<div[39m
              [33mclass[39m=[32m"flex 
items-center gap-2 group"[39m
            [36m>[39m
              [36m<h3[39m
                
[33mclass[39m=[32m"tracking-tight 
text-base font-medium text-slate-800"[39m
              [36m>[39m
                [0mExisting Section[0m
              [36m</h3>[39m
              [36m<button[39m
                
[33mclass[39m=[32m"inline-flex 
items-center justify-center rounded-lg 
font-medium focus-visible:outline-none 
focus-visible:ring-2 
focus-visible:ring-indigo-500 
disabled:pointer-events-none 
disabled:opacity-50 active:scale-95 
bg-transparent hover:bg-slate-100 text-xs 
h-6 w-6 p-0 opacity-0 
group-hover:opacity-100 transition-opacity 
text-slate-400 hover:text-slate-600"[39m
                [33mtitle[39m=[32m"Rename 
Section"[39m
              [36m>[39m
                [36m<svg[39m
                  
[33maria-hidden[39m=[32m"true"[39m
                  
[33mclass[39m=[32m"lucide lucide-pencil 
h-3 w-3"[39m
                  
[33mfill[39m=[32m"none"[39m
                  
[33mheight[39m=[32m"24"[39m
                  
[33mstroke[39m=[32m"currentColor"[39m
                  
[33mstroke-linecap[39m=[32m"round"[39m
                  
[33mstroke-linejoin[39m=[32m"round"[39m
                  
[33mstroke-width[39m=[32m"2"[39m
                  [33mviewBox[39m=[32m"0 
0 24 24"[39m
                  
[33mwidth[39m=[32m"24"[39m
                  [33mxmlns[39m=[32m"http:
//www.w3.org/2000/svg"[39m
                [36m>[39m
                  [36m<path[39m
                    
[33md[39m=[32m"M21.174 6.812a1 1 0 0 
0-3.986-3.987L3.842 16.174a2 2 0 0 
0-.5.83l-1.321 4.352a.5.5 0 0 0 
.623.622l4.353-1.32a2 2 0 0 0 .83-.497z"[39m
                  [36m/>[39m
                  [36m<path[39m
                    [33md[39m=[32m"m15 5 
4 4"[39m
                  [36m/>[39m
                [36m</svg>[39m
              [36m</button>[39m
            [36m</div>[39m
          [36m</div>[39m
          [36m<div[39m
            [33mclass[39m=[32m"flex 
items-center gap-2"[39m
          [36m>[39m
            [36m<button[39m
              
[33mclass[39m=[32m"inline-flex 
items-center justify-center rounded-lg 
font-medium transition-all 
focus-visible:outline-none 
focus-visible:ring-2 
focus-visible:ring-indigo-500 
disabled:pointer-events-none 
disabled:opacity-50 active:scale-95 
bg-transparent hover:bg-slate-100 text-xs 
text-slate-400 hover:text-indigo-600 h-8 w-8 
p-0"[39m
              [33mtitle[39m=[32m"Export 
to PDF"[39m
            [36m>[39m
              [36m<svg[39m
                
[33maria-hidden[39m=[32m"true"[39m
                [33mclass[39m=[32m"lucide 
lucide-download h-4 w-4"[39m
                
[33mfill[39m=[32m"none"[39m
                
[33mheight[39m=[32m"24"[39m
                
[33mstroke[39m=[32m"currentColor"[39m
                
[33mstroke-linecap[39m=[32m"round"[39m
                
[33mstroke-linejoin[39m=[32m"round"[39m
                
[33mstroke-width[39m=[32m"2"[39m
                [33mviewBox[39m=[32m"0 0 
24 24"[39m
                
[33mwidth[39m=[32m"24"[39m
                [33mxmlns[39m=[32m"http://
www.w3.org/2000/svg"[39m
              [36m>[39m
                [36m<path[39m
                  [33md[39m=[32m"M12 
15V3"[39m
                [36m/>[39m
                [36m<path[39m
                  [33md[39m=[32m"M21 
15v4a2 2 0 0 1-2 2H5a2 2 0 0 1-2-2v-4"[39m
                [36m/>[39m
                [36m<path[39m
                  [33md[39m=[32m"m7 10 5 
5 5-5"[39m
                [36m/>[39m
              [36m</svg>[39m
            [36m</button>[39m
            [36m<button[39m
              
[33mclass[39m=[32m"inline-flex 
items-center justify-center rounded-lg 
font-medium transition-all 
focus-visible:outline-none 
focus-visible:ring-2 
focus-visible:ring-indigo-500 
disabled:pointer-events-none 
disabled:opacity-50 active:scale-95 
bg-transparent hover:bg-slate-100 text-xs 
text-red-400 hover:text-red-600 h-8 w-8 
p-0"[39m
            [36m>[39m
              [36m<svg[39m
                
[33maria-hidden[39m=[32m"true"[39m
                [33mclass[39m=[32m"lucide 
lucide-trash2 lucide-trash-2 h-4 w-4"[39m
                
[33mfill[39m=[32m"none"[39m
                
[33mheight[39m=[32m"24"[39m
                
[33mstroke[39m=[32m"currentColor"[39m
                
[33mstroke-linecap[39m=[32m"round"[39m
                
[33mstroke-linejoin[39m=[32m"round"[39m
                
[33mstroke-width[39m=[32m"2"[39m
                [33mviewBox[39m=[32m"0 0 
24 24"[39m
                
[33mwidth[39m=[32m"24"[39m
                [33mxmlns[39m=[32m"http://
www.w3.org/2000/svg"[39m
              [36m>[39m
                [36m<path[39m
                  [33md[39m=[32m"M10 
11v6"[39m
                [36m/>[39m
                [36m<path[39m
                  [33md[39m=[32m"M14 
11v6"[39m
                [36m/>[39m
                [36m<path[39m
                  [33md[39m=[32m"M19 
6v14a2 2 0 0 1-2 2H7a2 2 0 0 1-2-2V6"[39m
                [36m/>[39m
                [36m<path[39m
                  [33md[39m=[32m"M3 
6h18"[39m
                [36m/>[39m
                [36m<path[39m
                  [33md[39m=[32m"M8 6V4a2 
2 0 0 1 2-2h4a2 2 0 0 1 2 2v2"[39m
                [36m/>[39m
              [36m</svg>[39m
            [36...
[90m [2mΓ¥»[22m Object.getElementError nod
e_modules/@testing-library/dom/dist/config.js
:[2m37:19[22m[39m
[90m [2mΓ¥»[22m getElementError node_modul
es/@testing-library/dom/dist/query-helpers.js
:[2m20:35[22m[39m
[90m [2mΓ¥»[22m 
getMultipleElementsFoundError node_modules/@t
esting-library/dom/dist/query-helpers.js:[2m
23:10[22m[39m
[90m [2mΓ¥»[22m node_modules/@testing-libr
ary/dom/dist/query-helpers.js:[2m55:13[22m
[39m
[90m [2mΓ¥»[22m node_modules/@testing-libr
ary/dom/dist/query-helpers.js:[2m95:19[22m
[39m
[36m [2mΓ¥»[22m src/features/section/compo
nents/SectionList.test.tsx:[2m70:33[22m[39
m
    [90m 68| [39m
    [90m 69| [39m        [35mawait[39m us
er[33m.[39m[34mclick[39m(screen[33m.[39
m[34mgetByText[39m([32m'Add 
Section'[39m))[33m;[39m
    [90m 70| [39m        [35mawait[39m us
er[33m.[39m[34mclick[39m(screen[33m.[39
m[34mgetByText[39m([32m'Custom 
Section'[39m))[33m;[39m
    [90m   | [39m                          
      [31m^[39m
    [90m 71| [39m
    [90m 72| [39m        [90m// "Custom 
Section" exists, so it should try "Custom 
Section 1"[39m

[31m[2mΓÄ»ΓÄ»ΓÄ»ΓÄ»ΓÄ»ΓÄ»ΓÄ»ΓÄ»ΓÄ»ΓÄ»ΓÄ»ΓÄ»
ΓÄ»ΓÄ»ΓÄ»ΓÄ»ΓÄ»ΓÄ»ΓÄ»ΓÄ»ΓÄ»ΓÄ»ΓÄ»ΓÄ»[1/2]ΓÄ»
[22m[39m

[41m[1m FAIL [22m[49m src/features/sectio
n/components/SectionList.test.tsx[2m > 
[22mSectionList Component[2m > 
[22mincrements name correctly if number 1 
also exists
[31m[1mTestingLibraryElementError[22m[39m
: Found multiple elements with the text: 
Custom Section

Here are the matching elements:

Ignored nodes: comments, script, style
[36m<h3[39m
  [33mclass[39m=[32m"tracking-tight 
text-base font-medium text-slate-800"[39m
[36m>[39m
  [0mCustom Section[0m
[36m</h3>[39m

Ignored nodes: comments, script, style
[36m<span[39m
  [33mclass[39m=[32m"font-medium"[39m
[36m>[39m
  [0mCustom Section[0m
[36m</span>[39m

(If this is intentional, then use the 
`*AllBy*` variant of the query (like 
`queryAllByText`, `getAllByText`, or 
`findAllByText`)).

Ignored nodes: comments, script, style
[36m<body>[39m
  [36m<div>[39m
    [36m<div[39m
      [33mclass[39m=[32m"space-y-6"[39m
    [36m>[39m
      [36m<div[39m
        [33mclass[39m=[32m"rounded-xl 
border bg-white text-slate-950 shadow-sm 
hover:shadow-md overflow-hidden 
transition-all duration-200 
border-slate-200"[39m
        [33mid[39m=[32m"1"[39m
      [36m>[39m
        [36m<div[39m
          [33mclass[39m=[32m"space-y-1.5 
p-6 bg-slate-50 border-b border-slate-100 
py-3 px-4 flex flex-row items-center 
justify-between cursor-pointer"[39m
        [36m>[39m
          [36m<div[39m
            [33mclass[39m=[32m"flex 
items-center gap-3 flex-1"[39m
          [36m>[39m
            [36m<svg[39m
              
[33maria-hidden[39m=[32m"true"[39m
              [33mclass[39m=[32m"lucide 
lucide-chevron-up h-4 w-4 
text-slate-400"[39m
              [33mfill[39m=[32m"none"[39m
              [33mheight[39m=[32m"24"[39m
              
[33mstroke[39m=[32m"currentColor"[39m
              
[33mstroke-linecap[39m=[32m"round"[39m
              
[33mstroke-linejoin[39m=[32m"round"[39m
              
[33mstroke-width[39m=[32m"2"[39m
              [33mviewBox[39m=[32m"0 0 24 
24"[39m
              [33mwidth[39m=[32m"24"[39m
              [33mxmlns[39m=[32m"http://ww
w.w3.org/2000/svg"[39m
            [36m>[39m
              [36m<path[39m
                [33md[39m=[32m"m18 
15-6-6-6 6"[39m
              [36m/>[39m
            [36m</svg>[39m
            [36m<div[39m
              [33mclass[39m=[32m"flex 
items-center gap-2 group"[39m
            [36m>[39m
              [36m<h3[39m
                
[33mclass[39m=[32m"tracking-tight 
text-base font-medium text-slate-800"[39m
              [36m>[39m
                [0mExisting Section[0m
              [36m</h3>[39m
              [36m<button[39m
                
[33mclass[39m=[32m"inline-flex 
items-center justify-center rounded-lg 
font-medium focus-visible:outline-none 
focus-visible:ring-2 
focus-visible:ring-indigo-500 
disabled:pointer-events-none 
disabled:opacity-50 active:scale-95 
bg-transparent hover:bg-slate-100 text-xs 
h-6 w-6 p-0 opacity-0 
group-hover:opacity-100 transition-opacity 
text-slate-400 hover:text-slate-600"[39m
                [33mtitle[39m=[32m"Rename 
Section"[39m
              [36m>[39m
                [36m<svg[39m
                  
[33maria-hidden[39m=[32m"true"[39m
                  
[33mclass[39m=[32m"lucide lucide-pencil 
h-3 w-3"[39m
                  
[33mfill[39m=[32m"none"[39m
                  
[33mheight[39m=[32m"24"[39m
                  
[33mstroke[39m=[32m"currentColor"[39m
                  
[33mstroke-linecap[39m=[32m"round"[39m
                  
[33mstroke-linejoin[39m=[32m"round"[39m
                  
[33mstroke-width[39m=[32m"2"[39m
                  [33mviewBox[39m=[32m"0 
0 24 24"[39m
                  
[33mwidth[39m=[32m"24"[39m
                  [33mxmlns[39m=[32m"http:
//www.w3.org/2000/svg"[39m
                [36m>[39m
                  [36m<path[39m
                    
[33md[39m=[32m"M21.174 6.812a1 1 0 0 
0-3.986-3.987L3.842 16.174a2 2 0 0 
0-.5.83l-1.321 4.352a.5.5 0 0 0 
.623.622l4.353-1.32a2 2 0 0 0 .83-.497z"[39m
                  [36m/>[39m
                  [36m<path[39m
                    [33md[39m=[32m"m15 5 
4 4"[39m
                  [36m/>[39m
                [36m</svg>[39m

[2m Test Files [22m [1m[31m1 failed[39m[22m[90m (1)[39m
[2m      Tests [22m [1m[31m2 failed[39m[22m[2m | [22m[1m[32m3 passed[39m[22m[90m (5)[39m
[2m   Start at [22m 08:08:18
[2m   Duration [22m 2.20s[2m (transform 157ms, setup 148ms, import 453ms, tests 389ms, environment 992ms)[22m

              [36m</button>[39m
            [36m</div>[39m
          [36m</div>[39m
          [36m<div[39m
            [33mclass[39m=[32m"flex 
items-center gap-2"[39m
          [36m>[39m
            [36m<button[39m
              
[33mclass[39m=[32m"inline-flex 
items-center justify-center rounded-lg 
font-medium transition-all 
focus-visible:outline-none 
focus-visible:ring-2 
focus-visible:ring-indigo-500 
disabled:pointer-events-none 
disabled:opacity-50 active:scale-95 
bg-transparent hover:bg-slate-100 text-xs 
text-slate-400 hover:text-indigo-600 h-8 w-8 
p-0"[39m
              [33mtitle[39m=[32m"Export 
to PDF"[39m
            [36m>[39m
              [36m<svg[39m
                
[33maria-hidden[39m=[32m"true"[39m
                [33mclass[39m=[32m"lucide 
lucide-download h-4 w-4"[39m
                
[33mfill[39m=[32m"none"[39m
                
[33mheight[39m=[32m"24"[39m
                
[33mstroke[39m=[32m"currentColor"[39m
                
[33mstroke-linecap[39m=[32m"round"[39m
                
[33mstroke-linejoin[39m=[32m"round"[39m
                
[33mstroke-width[39m=[32m"2"[39m
                [33mviewBox[39m=[32m"0 0 
24 24"[39m
                
[33mwidth[39m=[32m"24"[39m
                [33mxmlns[39m=[32m"http://
www.w3.org/2000/svg"[39m
              [36m>[39m
                [36m<path[39m
                  [33md[39m=[32m"M12 
15V3"[39m
                [36m/>[39m
                [36m<path[39m
                  [33md[39m=[32m"M21 
15v4a2 2 0 0 1-2 2H5a2 2 0 0 1-2-2v-4"[39m
                [36m/>[39m
                [36m<path[39m
                  [33md[39m=[32m"m7 10 5 
5 5-5"[39m
                [36m/>[39m
              [36m</svg>[39m
            [36m</button>[39m
            [36m<button[39m
              
[33mclass[39m=[32m"inline-flex 
items-center justify-center rounded-lg 
font-medium transition-all 
focus-visible:outline-none 
focus-visible:ring-2 
focus-visible:ring-indigo-500 
disabled:pointer-events-none 
disabled:opacity-50 active:scale-95 
bg-transparent hover:bg-slate-100 text-xs 
text-red-400 hover:text-red-600 h-8 w-8 
p-0"[39m
            [36m>[39m
              [36m<svg[39m
                
[33maria-hidden[39m=[32m"true"[39m
                [33mclass[39m=[32m"lucide 
lucide-trash2 lucide-trash-2 h-4 w-4"[39m
                
[33mfill[39m=[32m"none"[39m
                
[33mheight[39m=[32m"24"[39m
                
[33mstroke[39m=[32m"currentColor"[39m
                
[33mstroke-linecap[39m=[32m"round"[39m
                
[33mstroke-linejoin[39m=[32m"round"[39m
                
[33mstroke-width[39m=[32m"2"[39m
                [33mviewBox[39m=[32m"0 0 
24 24"[39m
                
[33mwidth[39m=[32m"24"[39m
                [33mxmlns[39m=[32m"http://
www.w3.org/2000/svg"[39m
              [36m>[39m
                [36m<path[39m
                  [33md[39m=[32m"M10 
11v6"[39m
                [36m/>[39m
                [36m<path[39m
                  [33md[39m=[32m"M14 
11v6"[39m
                [36m/>[39m
                [36m<path[39m
                  [33md[39m=[32m"M19 
6v14a2 2 0 0 1-2 2H7a2 2 0 0 1-2-2V6"[39m
                [36m/>[39m
                [36m<path[39m
                  [33md[39m=[32m"M3 
6h18"[39m
                [36m/>[39m
                [36m<path[39m
                  [33md[39m=[32m"M8 6V4a2 
2 0 0 1 2-2h4a2 2 0 0 1 2 2v2"[39m
                [36m/>[39m
              [36m</svg>[39m
            [36...
[90m [2mΓ¥»[22m Object.getElementError nod
e_modules/@testing-library/dom/dist/config.js
:[2m37:19[22m[39m
[90m [2mΓ¥»[22m getElementError node_modul
es/@testing-library/dom/dist/query-helpers.js
:[2m20:35[22m[39m
[90m [2mΓ¥»[22m 
getMultipleElementsFoundError node_modules/@t
esting-library/dom/dist/query-helpers.js:[2m
23:10[22m[39m
[90m [2mΓ¥»[22m node_modules/@testing-libr
ary/dom/dist/query-helpers.js:[2m55:13[22m
[39m
[90m [2mΓ¥»[22m node_modules/@testing-libr
ary/dom/dist/query-helpers.js:[2m95:19[22m
[39m
[36m [2mΓ¥»[22m src/features/section/compo
nents/SectionList.test.tsx:[2m90:33[22m[39
m
    [90m 88| [39m
    [90m 89| [39m        [35mawait[39m us
er[33m.[39m[34mclick[39m(screen[33m.[39
m[34mgetByText[39m([32m'Add 
Section'[39m))[33m;[39m
    [90m 90| [39m        [35mawait[39m us
er[33m.[39m[34mclick[39m(screen[33m.[39
m[34mgetByText[39m([32m'Custom 
Section'[39m))[33m;[39m
    [90m   | [39m                          
      [31m^[39m
    [90m 91| [39m
    [90m 92| [39m        // "Custom 
Section" and "Custom Section 1" exist, so 
"Custom SΓÇª

[31m[2mΓÄ»ΓÄ»ΓÄ»ΓÄ»ΓÄ»ΓÄ»ΓÄ»ΓÄ»ΓÄ»ΓÄ»ΓÄ»ΓÄ»
ΓÄ»ΓÄ»ΓÄ»ΓÄ»ΓÄ»ΓÄ»ΓÄ»ΓÄ»ΓÄ»ΓÄ»ΓÄ»ΓÄ»[2/2]ΓÄ»
[22m[39m

